ERROR: ur3_robot.xacro file not found.
ERROR: ur3_robot.xacro file not found.
[Mon 22 Jul 2024 10:10:37 AM IST][ERROR] ur3_robot.xacro file not found.
[Mon 22 Jul 2024 10:12:07 AM IST][ERROR] ur3_robot.xacro file not found.
[Mon 22 Jul 2024 10:17:47 AM IST][ERROR] ur3_robot.xacro file not found.
[Mon 22 Jul 2024 10:17:59 AM IST][ERROR] Failed to convert xacro to URDF.
[Mon 22 Jul 2024 10:18:58 AM IST][ERROR] Failed to convert xacro to URDF.
[Mon 22 Jul 2024 10:22:47 AM IST][ERROR] Failed to convert xacro to URDF.
[Mon 22 Jul 2024 10:24:52 AM IST][ERROR] Failed to convert xacro to URDF.
[Mon 22 Jul 2024 10:26:47 AM IST][ERROR] Failed to convert xacro to URDF.
[Mon 22 Jul 2024 10:27:27 AM IST][ERROR] Failed to convert xacro to URDF.
[Mon 22 Jul 2024 10:29:35 AM IST][ERROR] Failed to convert xacro to URDF.
[Mon 22 Jul 2024 10:31:05 AM IST][ERROR] Failed to convert xacro to URDF.
[Mon 22 Jul 2024 10:33:12 AM IST][ERROR] Failed to convert xacro to URDF.
[Mon 22 Jul 2024 10:33:34 AM IST][ERROR] Failed to convert xacro to URDF.
[Mon 22 Jul 2024 10:38:28 AM IST][ERROR] Failed to convert xacro to URDF.
[Mon 22 Jul 2024 10:47:18 AM IST][ERROR] Failed to clone Universal Robots ROS2 Driver repository.
[Mon 22 Jul 2024 10:47:39 AM IST][ERROR] Failed to clone Universal Robots ROS2 Driver repository.
[Mon 22 Jul 2024 10:48:22 AM IST][ERROR] Failed to clone Universal Robots ROS2 Driver repository.
[Mon 22 Jul 2024 10:48:55 AM IST][ERROR] Failed to build the ROS2 workspace.
[Mon 22 Jul 2024 10:52:39 AM IST][ERROR] Failed to convert xacro to URDF.
[Mon 22 Jul 2024 10:54:07 AM IST][ERROR] Failed to build the ROS2 workspace.
[Mon 22 Jul 2024 10:54:16 AM IST][ERROR] Failed to convert xacro to URDF.
[Mon 22 Jul 2024 11:02:46 AM IST][ERROR] Failed to clone Universal Robots ROS2 Driver repository.
[Mon 22 Jul 2024 11:02:46 AM IST][ERROR] Failed to install dependencies.
